      PC: 0
GPR[$gp]: 512  	GPR[$sp]: 4096 	GPR[$fp]: 4096 	GPR[$r3]: 0    	GPR[$r4]: 0    
GPR[$r5]: 0    	GPR[$r6]: 0    	GPR[$ra]: 0    
     512: 2681	     513: 683886	     514: 0	        ...     

    4096: 0	

==>      0: NOTR 
      PC: 2
GPR[$gp]: 512  	GPR[$sp]: 4096 	GPR[$fp]: 4096 	GPR[$r3]: 0    	GPR[$r4]: 0    
GPR[$r5]: 0    	GPR[$r6]: 0    	GPR[$ra]: 0    
     512: 2681	     513: 683886	     514: 0	        ...     

    4096: 0	

==>      2: ADDI $sp, 0, 5
      PC: 3
GPR[$gp]: 512  	GPR[$sp]: 4096 	GPR[$fp]: 4096 	GPR[$r3]: 0    	GPR[$r4]: 0    
GPR[$r5]: 0    	GPR[$r6]: 0    	GPR[$ra]: 0    
     512: 2681	     513: 683886	     514: 0	        ...     

    4096: 5	

==>      3: ADDI $sp, -1, 2
      PC: 4
GPR[$gp]: 512  	GPR[$sp]: 4096 	GPR[$fp]: 4096 	GPR[$r3]: 0    	GPR[$r4]: 0    
GPR[$r5]: 0    	GPR[$r6]: 0    	GPR[$ra]: 0    
     512: 2681	     513: 683886	     514: 0	        ...     
    4095: 2	
    4096: 5	

==>      4: ARI $sp, -1
      PC: 5
GPR[$gp]: 512  	GPR[$sp]: 4095 	GPR[$fp]: 4096 	GPR[$r3]: 0    	GPR[$r4]: 0    
GPR[$r5]: 0    	GPR[$r6]: 0    	GPR[$ra]: 0    
     512: 2681	     513: 683886	     514: 0	        ...     

    4095: 2	    4096: 5	

==>      5: ADD $sp, 0, $sp, 1
      PC: 6
GPR[$gp]: 512  	GPR[$sp]: 4095 	GPR[$fp]: 4096 	GPR[$r3]: 0    	GPR[$r4]: 0    
GPR[$r5]: 0    	GPR[$r6]: 0    	GPR[$ra]: 0    
     512: 2681	     513: 683886	     514: 0	        ...     

    4095: 7	    4096: 5	

==>      6: MUL $sp, 1
      PC: 7	      HI: 0	      LO: 35
GPR[$gp]: 512  	GPR[$sp]: 4095 	GPR[$fp]: 4096 	GPR[$r3]: 0    	GPR[$r4]: 0    
GPR[$r5]: 0    	GPR[$r6]: 0    	GPR[$ra]: 0    
     512: 2681	     513: 683886	     514: 0	        ...     

    4095: 7	    4096: 5	

==>      7: SRI $sp, 1
      PC: 8	      HI: 0	      LO: 35
GPR[$gp]: 512  	GPR[$sp]: 4094 	GPR[$fp]: 4096 	GPR[$r3]: 0    	GPR[$r4]: 0    
GPR[$r5]: 0    	GPR[$r6]: 0    	GPR[$ra]: 0    
     512: 2681	     513: 683886	     514: 0	        ...     

    4094: 0	    4095: 7	    4096: 5	

==>      8: CFLO $sp, 0
      PC: 9	      HI: 0	      LO: 35
GPR[$gp]: 512  	GPR[$sp]: 4094 	GPR[$fp]: 4096 	GPR[$r3]: 0    	GPR[$r4]: 0    
GPR[$r5]: 0    	GPR[$r6]: 0    	GPR[$ra]: 0    
     512: 2681	     513: 683886	     514: 0	        ...     

    4094: 35	    4095: 7	    4096: 5	

==>      9: SUB $sp, 0, $sp, 1
      PC: 10	      HI: 0	      LO: 35
GPR[$gp]: 512  	GPR[$sp]: 4094 	GPR[$fp]: 4096 	GPR[$r3]: 0    	GPR[$r4]: 0    
GPR[$r5]: 0    	GPR[$r6]: 0    	GPR[$ra]: 0    
     512: 2681	     513: 683886	     514: 0	        ...     

    4094: 28	    4095: 7	    4096: 5	

==>     10: MUL $sp, 2
      PC: 11	      HI: 0	      LO: 140
GPR[$gp]: 512  	GPR[$sp]: 4094 	GPR[$fp]: 4096 	GPR[$r3]: 0    	GPR[$r4]: 0    
GPR[$r5]: 0    	GPR[$r6]: 0    	GPR[$ra]: 0    
     512: 2681	     513: 683886	     514: 0	        ...     

    4094: 28	    4095: 7	    4096: 5	

==>     11: SRI $sp, 1
      PC: 12	      HI: 0	      LO: 140
GPR[$gp]: 512  	GPR[$sp]: 4093 	GPR[$fp]: 4096 	GPR[$r3]: 0    	GPR[$r4]: 0    
GPR[$r5]: 0    	GPR[$r6]: 0    	GPR[$ra]: 0    
     512: 2681	     513: 683886	     514: 0	        ...     

    4093: 0	    4094: 28	    4095: 7	    4096: 5	

==>     12: CFLO $sp, 0
      PC: 13	      HI: 0	      LO: 140
GPR[$gp]: 512  	GPR[$sp]: 4093 	GPR[$fp]: 4096 	GPR[$r3]: 0    	GPR[$r4]: 0    
GPR[$r5]: 0    	GPR[$r6]: 0    	GPR[$ra]: 0    
     512: 2681	     513: 683886	     514: 0	        ...     

    4093: 140	    4094: 28	    4095: 7	    4096: 5	

==>     13: SRI $sp, 1
      PC: 14	      HI: 0	      LO: 140
GPR[$gp]: 512  	GPR[$sp]: 4092 	GPR[$fp]: 4096 	GPR[$r3]: 0    	GPR[$r4]: 0    
GPR[$r5]: 0    	GPR[$r6]: 0    	GPR[$ra]: 0    
     512: 2681	     513: 683886	     514: 0	        ...     

    4092: 0	    4093: 140	    4094: 28	    4095: 7	    4096: 5	

==>     14: CPW $sp, 0, $sp, 2
      PC: 15	      HI: 0	      LO: 140
GPR[$gp]: 512  	GPR[$sp]: 4092 	GPR[$fp]: 4096 	GPR[$r3]: 0    	GPR[$r4]: 0    
GPR[$r5]: 0    	GPR[$r6]: 0    	GPR[$ra]: 0    
     512: 2681	     513: 683886	     514: 0	        ...     

    4092: 28	    4093: 140	    4094: 28	    4095: 7	    4096: 5	

==>     15: DIV $sp, 4
      PC: 16	      HI: 3	      LO: 5
GPR[$gp]: 512  	GPR[$sp]: 4092 	GPR[$fp]: 4096 	GPR[$r3]: 0    	GPR[$r4]: 0    
GPR[$r5]: 0    	GPR[$r6]: 0    	GPR[$ra]: 0    
     512: 2681	     513: 683886	     514: 0	        ...     

    4092: 28	    4093: 140	    4094: 28	    4095: 7	    4096: 5	

==>     16: SRI $sp, 2
      PC: 17	      HI: 3	      LO: 5
GPR[$gp]: 512  	GPR[$sp]: 4090 	GPR[$fp]: 4096 	GPR[$r3]: 0    	GPR[$r4]: 0    
GPR[$r5]: 0    	GPR[$r6]: 0    	GPR[$ra]: 0    
     512: 2681	     513: 683886	     514: 0	        ...     

    4090: 0	        ...         4092: 28	    4093: 140	    4094: 28	
    4095: 7	    4096: 5	

==>     17: CFLO $sp, 0
      PC: 18	      HI: 3	      LO: 5
GPR[$gp]: 512  	GPR[$sp]: 4090 	GPR[$fp]: 4096 	GPR[$r3]: 0    	GPR[$r4]: 0    
GPR[$r5]: 0    	GPR[$r6]: 0    	GPR[$ra]: 0    
     512: 2681	     513: 683886	     514: 0	        ...     

    4090: 5	    4091: 0	    4092: 28	    4093: 140	    4094: 28	
    4095: 7	    4096: 5	

==>     18: CFHI $sp, 1
      PC: 19	      HI: 3	      LO: 5
GPR[$gp]: 512  	GPR[$sp]: 4090 	GPR[$fp]: 4096 	GPR[$r3]: 0    	GPR[$r4]: 0    
GPR[$r5]: 0    	GPR[$r6]: 0    	GPR[$ra]: 0    
     512: 2681	     513: 683886	     514: 0	        ...     

    4090: 5	    4091: 3	    4092: 28	    4093: 140	    4094: 28	
    4095: 7	    4096: 5	

==>     19: SRI $sp, 1
      PC: 20	      HI: 3	      LO: 5
GPR[$gp]: 512  	GPR[$sp]: 4089 	GPR[$fp]: 4096 	GPR[$r3]: 0    	GPR[$r4]: 0    
GPR[$r5]: 0    	GPR[$r6]: 0    	GPR[$ra]: 0    
     512: 2681	     513: 683886	     514: 0	        ...     

    4089: 0	    4090: 5	    4091: 3	    4092: 28	    4093: 140	
    4094: 28	    4095: 7	    4096: 5	

==>     20: ADDI $sp, 0, 5
      PC: 21	      HI: 3	      LO: 5
GPR[$gp]: 512  	GPR[$sp]: 4089 	GPR[$fp]: 4096 	GPR[$r3]: 0    	GPR[$r4]: 0    
GPR[$r5]: 0    	GPR[$r6]: 0    	GPR[$ra]: 0    
     512: 2681	     513: 683886	     514: 0	        ...     

    4089: 5	    4090: 5	    4091: 3	    4092: 28	    4093: 140	
    4094: 28	    4095: 7	    4096: 5	

==>     21: BEQ $sp, 1, 2	# target is word address 23
      PC: 23	      HI: 3	      LO: 5
GPR[$gp]: 512  	GPR[$sp]: 4089 	GPR[$fp]: 4096 	GPR[$r3]: 0    	GPR[$r4]: 0    
GPR[$r5]: 0    	GPR[$r6]: 0    	GPR[$ra]: 0    
     512: 2681	     513: 683886	     514: 0	        ...     

    4089: 5	    4090: 5	    4091: 3	    4092: 28	    4093: 140	
    4094: 28	    4095: 7	    4096: 5	

==>     23: CALL 31	# target is word address 31
      PC: 31	      HI: 3	      LO: 5
GPR[$gp]: 512  	GPR[$sp]: 4089 	GPR[$fp]: 4096 	GPR[$r3]: 0    	GPR[$r4]: 0    
GPR[$r5]: 0    	GPR[$r6]: 0    	GPR[$ra]: 24   
     512: 2681	     513: 683886	     514: 0	        ...     

    4089: 5	    4090: 5	    4091: 3	    4092: 28	    4093: 140	
    4094: 28	    4095: 7	    4096: 5	

==>     31: NOTR 
y
      PC: 34	      HI: 3	      LO: 5
GPR[$gp]: 512  	GPR[$sp]: 4089 	GPR[$fp]: 4096 	GPR[$r3]: 0    	GPR[$r4]: 0    
GPR[$r5]: 0    	GPR[$r6]: 0    	GPR[$ra]: 24   
     512: 2681	     513: 683886	     514: 0	        ...     

    4089: 2	    4090: 5	    4091: 3	    4092: 28	    4093: 140	
    4094: 28	    4095: 7	    4096: 5	

==>     34: RTN 
      PC: 24	      HI: 3	      LO: 5
GPR[$gp]: 512  	GPR[$sp]: 4089 	GPR[$fp]: 4096 	GPR[$r3]: 0    	GPR[$r4]: 0    
GPR[$r5]: 0    	GPR[$r6]: 0    	GPR[$ra]: 24   
     512: 2681	     513: 683886	     514: 0	        ...     

    4089: 2	    4090: 5	    4091: 3	    4092: 28	    4093: 140	
    4094: 28	    4095: 7	    4096: 5	

==>     24: ARI $sp, 1
      PC: 25	      HI: 3	      LO: 5
GPR[$gp]: 512  	GPR[$sp]: 4090 	GPR[$fp]: 4096 	GPR[$r3]: 0    	GPR[$r4]: 0    
GPR[$r5]: 0    	GPR[$r6]: 0    	GPR[$ra]: 24   
     512: 2681	     513: 683886	     514: 0	        ...     
    4089: 2	
    4090: 5	    4091: 3	    4092: 28	    4093: 140	    4094: 28	
    4095: 7	    4096: 5	

==>     25: SWR $sp, 0, $r4
      PC: 26	      HI: 3	      LO: 5
GPR[$gp]: 512  	GPR[$sp]: 4090 	GPR[$fp]: 4096 	GPR[$r3]: 0    	GPR[$r4]: 0    
GPR[$r5]: 0    	GPR[$r6]: 0    	GPR[$ra]: 24   
     512: 2681	     513: 683886	     514: 0	        ...     
    4089: 2	
    4090: 0	    4091: 3	    4092: 28	    4093: 140	    4094: 28	
    4095: 7	    4096: 5	

==>     26: ADDI $sp, 0, 3
      PC: 27	      HI: 3	      LO: 5
GPR[$gp]: 512  	GPR[$sp]: 4090 	GPR[$fp]: 4096 	GPR[$r3]: 0    	GPR[$r4]: 0    
GPR[$r5]: 0    	GPR[$r6]: 0    	GPR[$ra]: 24   
     512: 2681	     513: 683886	     514: 0	        ...     
    4089: 2	
    4090: 3	    4091: 3	    4092: 28	    4093: 140	    4094: 28	
    4095: 7	    4096: 5	

==>     27: BEQ $sp, 1, 2	# target is word address 29
      PC: 29	      HI: 3	      LO: 5
GPR[$gp]: 512  	GPR[$sp]: 4090 	GPR[$fp]: 4096 	GPR[$r3]: 0    	GPR[$r4]: 0    
GPR[$r5]: 0    	GPR[$r6]: 0    	GPR[$ra]: 24   
     512: 2681	     513: 683886	     514: 0	        ...     
    4089: 2	
    4090: 3	    4091: 3	    4092: 28	    4093: 140	    4094: 28	
    4095: 7	    4096: 5	

==>     29: CALL 31	# target is word address 31
      PC: 31	      HI: 3	      LO: 5
GPR[$gp]: 512  	GPR[$sp]: 4090 	GPR[$fp]: 4096 	GPR[$r3]: 0    	GPR[$r4]: 0    
GPR[$r5]: 0    	GPR[$r6]: 0    	GPR[$ra]: 30   
     512: 2681	     513: 683886	     514: 0	        ...     
    4089: 2	
    4090: 3	    4091: 3	    4092: 28	    4093: 140	    4094: 28	
    4095: 7	    4096: 5	

==>     31: NOTR 
y
      PC: 34	      HI: 3	      LO: 5
GPR[$gp]: 512  	GPR[$sp]: 4090 	GPR[$fp]: 4096 	GPR[$r3]: 0    	GPR[$r4]: 0    
GPR[$r5]: 0    	GPR[$r6]: 0    	GPR[$ra]: 30   
     512: 2681	     513: 683886	     514: 0	        ...     
    4089: 2	
    4090: 2	    4091: 3	    4092: 28	    4093: 140	    4094: 28	
    4095: 7	    4096: 5	

==>     34: RTN 
      PC: 30	      HI: 3	      LO: 5
GPR[$gp]: 512  	GPR[$sp]: 4090 	GPR[$fp]: 4096 	GPR[$r3]: 0    	GPR[$r4]: 0    
GPR[$r5]: 0    	GPR[$r6]: 0    	GPR[$ra]: 30   
     512: 2681	     513: 683886	     514: 0	        ...     
    4089: 2	
    4090: 2	    4091: 3	    4092: 28	    4093: 140	    4094: 28	
    4095: 7	    4096: 5	

==>     30: EXIT 0
