      PC: 0
GPR[$gp]: 512  	GPR[$sp]: 4096 	GPR[$fp]: 4096 	GPR[$r3]: 0    	GPR[$r4]: 0    
GPR[$r5]: 0    	GPR[$r6]: 0    	GPR[$ra]: 0    
     512: 2	     513: 683854	     514: 76	     515: 72	     516: 10	
     517: 561210713	     518: 10	     519: 0	        ...     

    4096: 0	

==>      0: ADDI $sp, 0, 7
      PC: 1
GPR[$gp]: 512  	GPR[$sp]: 4096 	GPR[$fp]: 4096 	GPR[$r3]: 0    	GPR[$r4]: 0    
GPR[$r5]: 0    	GPR[$r6]: 0    	GPR[$ra]: 0    
     512: 2	     513: 683854	     514: 76	     515: 72	     516: 10	
     517: 561210713	     518: 10	     519: 0	        ...     

    4096: 7	

==>      1: ADDI $sp, -1, 15
      PC: 2
GPR[$gp]: 512  	GPR[$sp]: 4096 	GPR[$fp]: 4096 	GPR[$r3]: 0    	GPR[$r4]: 0    
GPR[$r5]: 0    	GPR[$r6]: 0    	GPR[$ra]: 0    
     512: 2	     513: 683854	     514: 76	     515: 72	     516: 10	
     517: 561210713	     518: 10	     519: 0	        ...     
    4095: 15	
    4096: 7	

==>      2: ARI $sp, -1
      PC: 3
GPR[$gp]: 512  	GPR[$sp]: 4095 	GPR[$fp]: 4096 	GPR[$r3]: 0    	GPR[$r4]: 0    
GPR[$r5]: 0    	GPR[$r6]: 0    	GPR[$ra]: 0    
     512: 2	     513: 683854	     514: 76	     515: 72	     516: 10	
     517: 561210713	     518: 10	     519: 0	        ...     

    4095: 15	    4096: 7	

==>      3: LWR $r4, $gp, 0
      PC: 4
GPR[$gp]: 512  	GPR[$sp]: 4095 	GPR[$fp]: 4096 	GPR[$r3]: 0    	GPR[$r4]: 2    
GPR[$r5]: 0    	GPR[$r6]: 0    	GPR[$ra]: 0    
     512: 2	     513: 683854	     514: 76	     515: 72	     516: 10	
     517: 561210713	     518: 10	     519: 0	        ...     

    4095: 15	    4096: 7	

==>      4: AND $sp, 0, $sp, 0
      PC: 5
GPR[$gp]: 512  	GPR[$sp]: 4095 	GPR[$fp]: 4096 	GPR[$r3]: 0    	GPR[$r4]: 2    
GPR[$r5]: 0    	GPR[$r6]: 0    	GPR[$ra]: 0    
     512: 2	     513: 683854	     514: 76	     515: 72	     516: 10	
     517: 561210713	     518: 10	     519: 0	        ...     

    4095: 15	    4096: 7	

==>      5: SLL $sp, 0, 5
      PC: 6
GPR[$gp]: 512  	GPR[$sp]: 4095 	GPR[$fp]: 4096 	GPR[$r3]: 0    	GPR[$r4]: 2    
GPR[$r5]: 0    	GPR[$r6]: 0    	GPR[$ra]: 0    
     512: 2	     513: 683854	     514: 76	     515: 72	     516: 10	
     517: 561210713	     518: 10	     519: 0	        ...     

    4095: 480	    4096: 7	

==>      6: ADDI $sp, 0, -405
      PC: 7
GPR[$gp]: 512  	GPR[$sp]: 4095 	GPR[$fp]: 4096 	GPR[$r3]: 0    	GPR[$r4]: 2    
GPR[$r5]: 0    	GPR[$r6]: 0    	GPR[$ra]: 0    
     512: 2	     513: 683854	     514: 76	     515: 72	     516: 10	
     517: 561210713	     518: 10	     519: 0	        ...     

    4095: 75	    4096: 7	

==>      7: SRI $sp, 1
      PC: 8
GPR[$gp]: 512  	GPR[$sp]: 4094 	GPR[$fp]: 4096 	GPR[$r3]: 0    	GPR[$r4]: 2    
GPR[$r5]: 0    	GPR[$r6]: 0    	GPR[$ra]: 0    
     512: 2	     513: 683854	     514: 76	     515: 72	     516: 10	
     517: 561210713	     518: 10	     519: 0	        ...     

    4094: 0	    4095: 75	    4096: 7	

==>      8: ADDI $sp, 0, 2
      PC: 9
GPR[$gp]: 512  	GPR[$sp]: 4094 	GPR[$fp]: 4096 	GPR[$r3]: 0    	GPR[$r4]: 2    
GPR[$r5]: 0    	GPR[$r6]: 0    	GPR[$ra]: 0    
     512: 2	     513: 683854	     514: 76	     515: 72	     516: 10	
     517: 561210713	     518: 10	     519: 0	        ...     

    4094: 2	    4095: 75	    4096: 7	

==>      9: SLL $sp, 0, 7
      PC: 10
GPR[$gp]: 512  	GPR[$sp]: 4094 	GPR[$fp]: 4096 	GPR[$r3]: 0    	GPR[$r4]: 2    
GPR[$r5]: 0    	GPR[$r6]: 0    	GPR[$ra]: 0    
     512: 2	     513: 683854	     514: 76	     515: 72	     516: 10	
     517: 561210713	     518: 10	     519: 0	        ...     

    4094: 256	    4095: 75	    4096: 7	

==>     10: SRL $sp, 0, 2
      PC: 11
GPR[$gp]: 512  	GPR[$sp]: 4094 	GPR[$fp]: 4096 	GPR[$r3]: 0    	GPR[$r4]: 2    
GPR[$r5]: 0    	GPR[$r6]: 0    	GPR[$ra]: 0    
     512: 2	     513: 683854	     514: 76	     515: 72	     516: 10	
     517: 561210713	     518: 10	     519: 0	        ...     

    4094: 64	    4095: 75	    4096: 7	

==>     11: ARI $sp, -1
      PC: 12
GPR[$gp]: 512  	GPR[$sp]: 4093 	GPR[$fp]: 4096 	GPR[$r3]: 0    	GPR[$r4]: 2    
GPR[$r5]: 0    	GPR[$r6]: 0    	GPR[$ra]: 0    
     512: 2	     513: 683854	     514: 76	     515: 72	     516: 10	
     517: 561210713	     518: 10	     519: 0	        ...     

    4093: 0	    4094: 64	    4095: 75	    4096: 7	

==>     12: LIT $sp, 0, 11
      PC: 13
GPR[$gp]: 512  	GPR[$sp]: 4093 	GPR[$fp]: 4096 	GPR[$r3]: 0    	GPR[$r4]: 2    
GPR[$r5]: 0    	GPR[$r6]: 0    	GPR[$ra]: 0    
     512: 2	     513: 683854	     514: 76	     515: 72	     516: 10	
     517: 561210713	     518: 10	     519: 0	        ...     

    4093: 11	    4094: 64	    4095: 75	    4096: 7	

==>     13: LWR $r5, $sp, 0
      PC: 14
GPR[$gp]: 512  	GPR[$sp]: 4093 	GPR[$fp]: 4096 	GPR[$r3]: 0    	GPR[$r4]: 2    
GPR[$r5]: 11   	GPR[$r6]: 0    	GPR[$ra]: 0    
     512: 2	     513: 683854	     514: 76	     515: 72	     516: 10	
     517: 561210713	     518: 10	     519: 0	        ...     

    4093: 11	    4094: 64	    4095: 75	    4096: 7	

==>     14: XOR $sp, 0, $sp, 0
      PC: 15
GPR[$gp]: 512  	GPR[$sp]: 4093 	GPR[$fp]: 4096 	GPR[$r3]: 0    	GPR[$r4]: 2    
GPR[$r5]: 11   	GPR[$r6]: 0    	GPR[$ra]: 0    
     512: 2	     513: 683854	     514: 76	     515: 72	     516: 10	
     517: 561210713	     518: 10	     519: 0	        ...     

    4093: 0	    4094: 64	    4095: 75	    4096: 7	

==>     15: SWR $sp, 0, $r5
      PC: 16
GPR[$gp]: 512  	GPR[$sp]: 4093 	GPR[$fp]: 4096 	GPR[$r3]: 0    	GPR[$r4]: 2    
GPR[$r5]: 11   	GPR[$r6]: 0    	GPR[$ra]: 0    
     512: 2	     513: 683854	     514: 76	     515: 72	     516: 10	
     517: 561210713	     518: 10	     519: 0	        ...     

    4093: 11	    4094: 64	    4095: 75	    4096: 7	

==>     16: NEG $sp, 0, $sp, 0
      PC: 17
GPR[$gp]: 512  	GPR[$sp]: 4093 	GPR[$fp]: 4096 	GPR[$r3]: 0    	GPR[$r4]: 2    
GPR[$r5]: 11   	GPR[$r6]: 0    	GPR[$ra]: 0    
     512: 2	     513: 683854	     514: 76	     515: 72	     516: 10	
     517: 561210713	     518: 10	     519: 0	        ...     

    4093: -11	    4094: 64	    4095: 75	    4096: 7	

==>     17: LIT $sp, 1, 75
      PC: 18
GPR[$gp]: 512  	GPR[$sp]: 4093 	GPR[$fp]: 4096 	GPR[$r3]: 0    	GPR[$r4]: 2    
GPR[$r5]: 11   	GPR[$r6]: 0    	GPR[$ra]: 0    
     512: 2	     513: 683854	     514: 76	     515: 72	     516: 10	
     517: 561210713	     518: 10	     519: 0	        ...     

    4093: -11	    4094: 75	    4095: 75	    4096: 7	

==>     18: ARI $sp, 1
      PC: 19
GPR[$gp]: 512  	GPR[$sp]: 4094 	GPR[$fp]: 4096 	GPR[$r3]: 0    	GPR[$r4]: 2    
GPR[$r5]: 11   	GPR[$r6]: 0    	GPR[$ra]: 0    
     512: 2	     513: 683854	     514: 76	     515: 72	     516: 10	
     517: 561210713	     518: 10	     519: 0	        ...     
    4093: -11	
    4094: 75	    4095: 75	    4096: 7	

==>     19: BNE $sp, 1, 3	# target is word address 22
      PC: 20
GPR[$gp]: 512  	GPR[$sp]: 4094 	GPR[$fp]: 4096 	GPR[$r3]: 0    	GPR[$r4]: 2    
GPR[$r5]: 11   	GPR[$r6]: 0    	GPR[$ra]: 0    
     512: 2	     513: 683854	     514: 76	     515: 72	     516: 10	
     517: 561210713	     518: 10	     519: 0	        ...     
    4093: -11	
    4094: 75	    4095: 75	    4096: 7	

==>     20: CALL 26	# target is word address 26
      PC: 26
GPR[$gp]: 512  	GPR[$sp]: 4094 	GPR[$fp]: 4096 	GPR[$r3]: 0    	GPR[$r4]: 2    
GPR[$r5]: 11   	GPR[$r6]: 0    	GPR[$ra]: 21   
     512: 2	     513: 683854	     514: 76	     515: 72	     516: 10	
     517: 561210713	     518: 10	     519: 0	        ...     
    4093: -11	
    4094: 75	    4095: 75	    4096: 7	

==>     26: NOTR 
Yes!
      PC: 29
GPR[$gp]: 512  	GPR[$sp]: 4094 	GPR[$fp]: 4096 	GPR[$r3]: 0    	GPR[$r4]: 2    
GPR[$r5]: 11   	GPR[$r6]: 0    	GPR[$ra]: 21   
     512: 2	     513: 683854	     514: 76	     515: 72	     516: 10	
     517: 561210713	     518: 10	     519: 0	        ...     
    4093: -11	
    4094: 5	    4095: 75	    4096: 7	

==>     29: RTN 
      PC: 21
GPR[$gp]: 512  	GPR[$sp]: 4094 	GPR[$fp]: 4096 	GPR[$r3]: 0    	GPR[$r4]: 2    
GPR[$r5]: 11   	GPR[$r6]: 0    	GPR[$ra]: 21   
     512: 2	     513: 683854	     514: 76	     515: 72	     516: 10	
     517: 561210713	     518: 10	     519: 0	        ...     
    4093: -11	
    4094: 5	    4095: 75	    4096: 7	

==>     21: JMPA 24	# target is word address 24
      PC: 24
GPR[$gp]: 512  	GPR[$sp]: 4094 	GPR[$fp]: 4096 	GPR[$r3]: 0    	GPR[$r4]: 2    
GPR[$r5]: 11   	GPR[$r6]: 0    	GPR[$ra]: 21   
     512: 2	     513: 683854	     514: 76	     515: 72	     516: 10	
     517: 561210713	     518: 10	     519: 0	        ...     
    4093: -11	
    4094: 5	    4095: 75	    4096: 7	

==>     24: EXIT 0
