      PC: 0
GPR[$gp]: 1024 	GPR[$sp]: 4096 	GPR[$fp]: 4096 	GPR[$r3]: 0    	GPR[$r4]: 0    
GPR[$r5]: 0    	GPR[$r6]: 0    	GPR[$ra]: 0    
    1024: 0	        ...     
    4096: 0	

==>      0: STRA 
      PC: 1
GPR[$gp]: 1024 	GPR[$sp]: 4096 	GPR[$fp]: 4096 	GPR[$r3]: 0    	GPR[$r4]: 0    
GPR[$r5]: 0    	GPR[$r6]: 0    	GPR[$ra]: 0    
    1024: 0	        ...     
    4096: 0	

==>      1: ADDI $sp, -1, 2
      PC: 2
GPR[$gp]: 1024 	GPR[$sp]: 4096 	GPR[$fp]: 4096 	GPR[$r3]: 0    	GPR[$r4]: 0    
GPR[$r5]: 0    	GPR[$r6]: 0    	GPR[$ra]: 0    
    1024: 0	        ...         4095: 2	
    4096: 0	

==>      2: EXIT 0
