      PC: 0
GPR[$gp]: 1024 	GPR[$sp]: 4096 	GPR[$fp]: 4096 	GPR[$r3]: 0    	GPR[$r4]: 0    
GPR[$r5]: 0    	GPR[$r6]: 0    	GPR[$ra]: 0    
    1024: 121	    1025: 110	    1026: 0	    1027: 10	    1028: 0	
        ...     
    4096: 0	

==>      0: STRA 
      PC: 1
GPR[$gp]: 1024 	GPR[$sp]: 4096 	GPR[$fp]: 4096 	GPR[$r3]: 0    	GPR[$r4]: 0    
GPR[$r5]: 0    	GPR[$r6]: 0    	GPR[$ra]: 0    
    1024: 121	    1025: 110	    1026: 0	    1027: 10	    1028: 0	
        ...     
    4096: 0	

==>      1: SRI $sp, 2
      PC: 2
GPR[$gp]: 1024 	GPR[$sp]: 4094 	GPR[$fp]: 4096 	GPR[$r3]: 0    	GPR[$r4]: 0    
GPR[$r5]: 0    	GPR[$r6]: 0    	GPR[$ra]: 0    
    1024: 121	    1025: 110	    1026: 0	    1027: 10	    1028: 0	
        ...     
    4094: 0	        ...     

==>      2: ADDI $sp, 1, 1
      PC: 3
GPR[$gp]: 1024 	GPR[$sp]: 4094 	GPR[$fp]: 4096 	GPR[$r3]: 0    	GPR[$r4]: 0    
GPR[$r5]: 0    	GPR[$r6]: 0    	GPR[$ra]: 0    
    1024: 121	    1025: 110	    1026: 0	    1027: 10	    1028: 0	
        ...     
    4094: 0	    4095: 1	    4096: 0	

==>      3: ADD $gp, 2, $sp, 1
      PC: 4
GPR[$gp]: 1024 	GPR[$sp]: 4094 	GPR[$fp]: 4096 	GPR[$r3]: 0    	GPR[$r4]: 0    
GPR[$r5]: 0    	GPR[$r6]: 0    	GPR[$ra]: 0    
    1024: 121	    1025: 110	    1026: 1	    1027: 10	    1028: 0	
        ...     
    4094: 0	    4095: 1	    4096: 0	

==>      4: ADD $sp, 0, $gp, 2
      PC: 5
GPR[$gp]: 1024 	GPR[$sp]: 4094 	GPR[$fp]: 4096 	GPR[$r3]: 0    	GPR[$r4]: 0    
GPR[$r5]: 0    	GPR[$r6]: 0    	GPR[$ra]: 0    
    1024: 121	    1025: 110	    1026: 1	    1027: 10	    1028: 0	
        ...     
    4094: 1	    4095: 1	    4096: 0	

==>      5: SUB $gp, 2, $gp, 2
      PC: 6
GPR[$gp]: 1024 	GPR[$sp]: 4094 	GPR[$fp]: 4096 	GPR[$r3]: 0    	GPR[$r4]: 0    
GPR[$r5]: 0    	GPR[$r6]: 0    	GPR[$ra]: 0    
    1024: 121	    1025: 110	    1026: 0	    1027: 10	    1028: 0	
        ...     
    4094: 1	    4095: 1	    4096: 0	

==>      6: ADDI $sp, 0, 10
      PC: 7
GPR[$gp]: 1024 	GPR[$sp]: 4094 	GPR[$fp]: 4096 	GPR[$r3]: 0    	GPR[$r4]: 0    
GPR[$r5]: 0    	GPR[$r6]: 0    	GPR[$ra]: 0    
    1024: 121	    1025: 110	    1026: 0	    1027: 10	    1028: 0	
        ...     
    4094: 11	    4095: 1	    4096: 0	

==>      7: SRI $sp, 1
      PC: 8
GPR[$gp]: 1024 	GPR[$sp]: 4093 	GPR[$fp]: 4096 	GPR[$r3]: 0    	GPR[$r4]: 0    
GPR[$r5]: 0    	GPR[$r6]: 0    	GPR[$ra]: 0    
    1024: 121	    1025: 110	    1026: 0	    1027: 10	    1028: 0	
        ...     
    4093: 0	    4094: 11	    4095: 1	    4096: 0	

==>      8: NOTR 
y
