      PC: 0
GPR[$gp]: 1024 	GPR[$sp]: 4096 	GPR[$fp]: 4096 	GPR[$r3]: 0    	GPR[$r4]: 0    
GPR[$r5]: 0    	GPR[$r6]: 0    	GPR[$ra]: 0    
    1024: 33	    1025: 2649	    1026: 683854	    1027: 0	        ...     

    4096: 0	

==>      0: STRA 
      PC: 1
GPR[$gp]: 1024 	GPR[$sp]: 4096 	GPR[$fp]: 4096 	GPR[$r3]: 0    	GPR[$r4]: 0    
GPR[$r5]: 0    	GPR[$r6]: 0    	GPR[$ra]: 0    
    1024: 33	    1025: 2649	    1026: 683854	    1027: 0	        ...     

    4096: 0	

==>      1: ADDI $sp, 0, 30
      PC: 2
GPR[$gp]: 1024 	GPR[$sp]: 4096 	GPR[$fp]: 4096 	GPR[$r3]: 0    	GPR[$r4]: 0    
GPR[$r5]: 0    	GPR[$r6]: 0    	GPR[$ra]: 0    
    1024: 33	    1025: 2649	    1026: 683854	    1027: 0	        ...     

    4096: 30	

==>      2: SRI $sp, 1
      PC: 3
GPR[$gp]: 1024 	GPR[$sp]: 4095 	GPR[$fp]: 4096 	GPR[$r3]: 0    	GPR[$r4]: 0    
GPR[$r5]: 0    	GPR[$r6]: 0    	GPR[$ra]: 0    
    1024: 33	    1025: 2649	    1026: 683854	    1027: 0	        ...     

    4095: 0	    4096: 30	

==>      3: ADDI $sp, 0, 20
      PC: 4
GPR[$gp]: 1024 	GPR[$sp]: 4095 	GPR[$fp]: 4096 	GPR[$r3]: 0    	GPR[$r4]: 0    
GPR[$r5]: 0    	GPR[$r6]: 0    	GPR[$ra]: 0    
    1024: 33	    1025: 2649	    1026: 683854	    1027: 0	        ...     

    4095: 20	    4096: 30	

==>      4: ADDI $sp, 0, 10
      PC: 5
GPR[$gp]: 1024 	GPR[$sp]: 4095 	GPR[$fp]: 4096 	GPR[$r3]: 0    	GPR[$r4]: 0    
GPR[$r5]: 0    	GPR[$r6]: 0    	GPR[$ra]: 0    
    1024: 33	    1025: 2649	    1026: 683854	    1027: 0	        ...     

    4095: 30	    4096: 30	

==>      5: BNE $sp, 1, 3	# target is word address 8
      PC: 6
GPR[$gp]: 1024 	GPR[$sp]: 4095 	GPR[$fp]: 4096 	GPR[$r3]: 0    	GPR[$r4]: 0    
GPR[$r5]: 0    	GPR[$r6]: 0    	GPR[$ra]: 0    
    1024: 33	    1025: 2649	    1026: 683854	    1027: 0	        ...     

    4095: 30	    4096: 30	

==>      6: CALL 10	# target is word address 10
      PC: 10
GPR[$gp]: 1024 	GPR[$sp]: 4095 	GPR[$fp]: 4096 	GPR[$r3]: 0    	GPR[$r4]: 0    
GPR[$r5]: 0    	GPR[$r6]: 0    	GPR[$ra]: 7    
    1024: 33	    1025: 2649	    1026: 683854	    1027: 0	        ...     

    4095: 30	    4096: 30	

==>     10: NOTR 
Y
      PC: 19
GPR[$gp]: 1024 	GPR[$sp]: 4095 	GPR[$fp]: 4096 	GPR[$r3]: 0    	GPR[$r4]: 0    
GPR[$r5]: 0    	GPR[$r6]: 0    	GPR[$ra]: 7    
    1024: 33	    1025: 2649	    1026: 683854	    1027: 0	        ...     

    4095: 2	    4096: 30	

==>     19: EXIT 0
