      PC: 0
GPR[$gp]: 1024 	GPR[$sp]: 4096 	GPR[$fp]: 4096 	GPR[$r3]: 0    	GPR[$r4]: 0    
GPR[$r5]: 0    	GPR[$r6]: 0    	GPR[$ra]: 0    
    1024: 2649	    1025: 683886	    1026: 10	    1027: 0	        ...     

    4096: 0	

==>      0: SRI $sp, 1
      PC: 1
GPR[$gp]: 1024 	GPR[$sp]: 4095 	GPR[$fp]: 4096 	GPR[$r3]: 0    	GPR[$r4]: 0    
GPR[$r5]: 0    	GPR[$r6]: 0    	GPR[$ra]: 0    
    1024: 2649	    1025: 683886	    1026: 10	    1027: 0	        ...     

    4095: 0	        ...     

==>      1: XORI $sp, 0, 0x567a
      PC: 2
GPR[$gp]: 1024 	GPR[$sp]: 4095 	GPR[$fp]: 4096 	GPR[$r3]: 0    	GPR[$r4]: 0    
GPR[$r5]: 0    	GPR[$r6]: 0    	GPR[$ra]: 0    
    1024: 2649	    1025: 683886	    1026: 10	    1027: 0	        ...     

    4095: 22138	    4096: 0	

==>      2: LIT $sp, -1, 1658
      PC: 3
GPR[$gp]: 1024 	GPR[$sp]: 4095 	GPR[$fp]: 4096 	GPR[$r3]: 0    	GPR[$r4]: 0    
GPR[$r5]: 0    	GPR[$r6]: 0    	GPR[$ra]: 0    
    1024: 2649	    1025: 683886	    1026: 10	    1027: 0	        ...     
    4094: 1658	
    4095: 22138	    4096: 0	

==>      3: BORI $sp, -1, 0x5000
      PC: 4
GPR[$gp]: 1024 	GPR[$sp]: 4095 	GPR[$fp]: 4096 	GPR[$r3]: 0    	GPR[$r4]: 0    
GPR[$r5]: 0    	GPR[$r6]: 0    	GPR[$ra]: 0    
    1024: 2649	    1025: 683886	    1026: 10	    1027: 0	        ...     
    4094: 22138	
    4095: 22138	    4096: 0	

==>      4: BNE $sp, -1, 8	# target is word address 12
      PC: 5
GPR[$gp]: 1024 	GPR[$sp]: 4095 	GPR[$fp]: 4096 	GPR[$r3]: 0    	GPR[$r4]: 0    
GPR[$r5]: 0    	GPR[$r6]: 0    	GPR[$ra]: 0    
    1024: 2649	    1025: 683886	    1026: 10	    1027: 0	        ...     
    4094: 22138	
    4095: 22138	    4096: 0	

==>      5: ANDI $sp, 0, 0xfff
      PC: 6
GPR[$gp]: 1024 	GPR[$sp]: 4095 	GPR[$fp]: 4096 	GPR[$r3]: 0    	GPR[$r4]: 0    
GPR[$r5]: 0    	GPR[$r6]: 0    	GPR[$ra]: 0    
    1024: 2649	    1025: 683886	    1026: 10	    1027: 0	        ...     
    4094: 22138	
    4095: 1658	    4096: 0	

==>      6: LIT $sp, -2, 1658
      PC: 7
GPR[$gp]: 1024 	GPR[$sp]: 4095 	GPR[$fp]: 4096 	GPR[$r3]: 0    	GPR[$r4]: 0    
GPR[$r5]: 0    	GPR[$r6]: 0    	GPR[$ra]: 0    
    1024: 2649	    1025: 683886	    1026: 10	    1027: 0	        ...     
    4093: 1658	    4094: 22138	
    4095: 1658	    4096: 0	

==>      7: BNE $sp, -2, 5	# target is word address 12
      PC: 8
GPR[$gp]: 1024 	GPR[$sp]: 4095 	GPR[$fp]: 4096 	GPR[$r3]: 0    	GPR[$r4]: 0    
GPR[$r5]: 0    	GPR[$r6]: 0    	GPR[$ra]: 0    
    1024: 2649	    1025: 683886	    1026: 10	    1027: 0	        ...     
    4093: 1658	    4094: 22138	
    4095: 1658	    4096: 0	

==>      8: NOTR 
Y
      PC: 11
GPR[$gp]: 1024 	GPR[$sp]: 4095 	GPR[$fp]: 4096 	GPR[$r3]: 0    	GPR[$r4]: 0    
GPR[$r5]: 0    	GPR[$r6]: 0    	GPR[$ra]: 0    
    1024: 2649	    1025: 683886	    1026: 10	    1027: 0	        ...     
    4093: 1658	    4094: 22138	
    4095: 2	    4096: 0	

==>     11: EXIT 0
